node.exe : npm warn invalid config cache=false set 
in command line options
At C:\Program Files\nodejs\npm.ps1:29 char:3
+   & $NODE_EXE $NPM_CLI_JS $args
+   ~~~~~~~~~~~~~~~~~~~~~~~~~~~~~
    + CategoryInfo          : NotSpecified: (npm w 
   arn invali...nd line options:String) [], Remot  
  eException
    + FullyQualifiedErrorId : NativeCommandError
 
npm warn invalid config Must be valid filesystem pa
th

> my-express-server@1.0.0 test
> cross-env NODE_ENV=test NODE_OPTIONS=--experimental-vm-modules jest

(node:14316) ExperimentalWarning: VM Modules is an 
experimental feature and might change at any time
(Use `node --trace-warnings ...` to show where the 
warning was created)
FAIL tests/auth.test.js
  Testy Uwierzytelniania (Auth Routes)
    POST /auth/login
      ├Ś powinien zalogowa─ç u┼╝ytkownika przy popr
awnych danych (87 ms)
      ├Ś powinien zwr├│ci─ç b┼é─ůd 400 dla niepopra
wnego has┼éa (74 ms)
      ├Ś powinien zwr├│ci─ç b┼é─ůd 400 je┼Ťli u┼╝yt
kownik nie istnieje (1 ms)
    POST /auth/registre
      ├Ś powinien zarejestrowa─ç nowego kandydata (
1 ms)
      ÔłÜ powinien zwr├│ci─ç b┼é─ůd je┼Ťli has┼éa s
i─Ö nie zgadzaj─ů (45 ms)

  ÔŚĆ Testy Uwierzytelniania (Auth Routes) ÔÇ║ POST
 /auth/login ÔÇ║ powinien zalogowa─ç u┼╝ytkownika p
rzy poprawnych danych

    TypeError: connection.query.mockResolvedValueOn
ce is not a function

    [0m [90m 31 |[39m       }[33m;[39m
     [90m 32 |[39m
    [31m[1m>[22m[39m[90m 33 |[39m       conne
ction[33m.[39mquery[33m.[39mmockResolvedValueOn
ce([[mockUser]])[33m;[39m [90m// Mock dla SELECT
 * FROM users[39m
     [90m    |[39m                        [31m[
1m^[22m[39m
     [90m 34 |[39m
     [90m 35 |[39m       [36mconst[39m res [33
m=[39m [36mawait[39m request(app)
     [90m 36 |[39m         [33m.[39mpost([32m'
/auth/login'[39m)[0m

      at Object.<anonymous> (tests/auth.test.js:33:
24)

  ÔŚĆ Testy Uwierzytelniania (Auth Routes) ÔÇ║ POST
 /auth/login ÔÇ║ powinien zwr├│ci─ç b┼é─ůd 400 dla 
niepoprawnego has┼éa

    TypeError: connection.query.mockResolvedValueOn
ce is not a function

    [0m [90m 51 |[39m       }[33m;[39m
     [90m 52 |[39m
    [31m[1m>[22m[39m[90m 53 |[39m       conne
ction[33m.[39mquery[33m.[39mmockResolvedValueOn
ce([[mockUser]])[33m;[39m
     [90m    |[39m                        [31m[
1m^[22m[39m
     [90m 54 |[39m
     [90m 55 |[39m       [36mconst[39m res [33
m=[39m [36mawait[39m request(app)
     [90m 56 |[39m         [33m.[39mpost([32m'
/auth/login'[39m)[0m

      at Object.<anonymous> (tests/auth.test.js:53:
24)

  ÔŚĆ Testy Uwierzytelniania (Auth Routes) ÔÇ║ POST
 /auth/login ÔÇ║ powinien zwr├│ci─ç b┼é─ůd 400 je┼Ť
li u┼╝ytkownik nie istnieje

    TypeError: connection.query.mockResolvedValueOn
ce is not a function

    [0m [90m 62 |[39m
     [90m 63 |[39m     it([32m'powinien zwr├│ci─
ç b┼é─ůd 400 je┼Ťli u┼╝ytkownik nie istnieje'[39m
[33m,[39m [36masync[39m () [33m=>[39m {
    [31m[1m>[22m[39m[90m 64 |[39m       conne
ction[33m.[39mquery[33m.[39mmockResolvedValueOn
ce([[]])[33m;[39m [90m// Pusta tablica wynik├│w
[39m
     [90m    |[39m                        [31m[
1m^[22m[39m
     [90m 65 |[39m
     [90m 66 |[39m       [36mconst[39m res [33
m=[39m [36mawait[39m request(app)
     [90m 67 |[39m         [33m.[39mpost([32m'
/auth/login'[39m)[0m

      at Object.<anonymous> (tests/auth.test.js:64:
24)

  ÔŚĆ Testy Uwierzytelniania (Auth Routes) ÔÇ║ POST
 /auth/registre ÔÇ║ powinien zarejestrowa─ç nowego 
kandydata

    TypeError: connection.query.mockResolvedValueOn
ce is not a function

    [0m [90m 76 |[39m     it([32m'powinien zare
jestrowa─ç nowego kandydata'[39m[33m,[39m [36ma
sync[39m () [33m=>[39m {
     [90m 77 |[39m       [90m// Mock sprawdzenia
 czy u┼╝ytkownik istnieje (pusta tablica)[39m
    [31m[1m>[22m[39m[90m 78 |[39m       conne
ction[33m.[39mquery[33m.[39mmockResolvedValueOn
ce([[]])[33m;[39m
     [90m    |[39m                        [31m[
1m^[22m[39m
     [90m 79 |[39m       [90m// Mock inserta[39
m
     [90m 80 |[39m       connection[33m.[39mque
ry[33m.[39mmockResolvedValueOnce([{ insertId[33m
:[39m [35m1[39m }])[33m;[39m
     [90m 81 |[39m[0m

      at Object.<anonymous> (tests/auth.test.js:78:
24)

------------------------|---------|----------|---------|---------|---------------------------------------------------------------------------------------------------------------------------
File                    | % Stmts | % Branch | % Funcs | % Lines | Uncovered Line #s                                                                                                         
------------------------|---------|----------|---------|---------|---------------------------------------------------------------------------------------------------------------------------
All files               |   11.12 |     3.51 |    1.44 |   11.62 |                                                                                                                           
 backend                |   56.25 |       50 |       0 |      60 |                                                                                                                           
  server.js             |   56.25 |       50 |       0 |      60 | 45-70,76-77                                                                                                               
 backend/src/config     |     100 |      100 |     100 |     100 |                                                                                                                           
  db.js                 |     100 |      100 |     100 |     100 |                                                                                                                           
 backend/src/middleware |      20 |        0 |    7.14 |   22.22 |                                                                                                                           
  authJwt.js            |      25 |        0 |   16.66 |      25 | 5-18,23-26,31-33,37-40                                                                                                    
  settingMiddleware.js  |   16.66 |        0 |       0 |      20 | 8-19,30-36,44-47,53-59,67-70                                                                                              
 backend/src/routes     |   10.82 |     5.23 |    1.33 |   11.05 |                                                                                                                           
  adminRoutes.js        |    9.14 |        0 |       0 |     9.3 | 10-17,25-62,72-92,101-107,117-147,157-171,181-190,201-235,245-256,265-285,298-319,329-343,352-378,387-394,403-422,433-437 
  authRoutes.js         |   21.27 |    34.37 |      50 |   21.27 | 10-57,74,78,81,87-125                                                                                                     
  candidateRoutes.js    |   14.28 |        0 |       0 |   14.28 | 11-17,27-53                                                                                                               
  chatRoutes.js         |   15.15 |        0 |       0 |   15.62 | 6-12,16-39,44-62,67-93                                                                                                    
  employersRoutes.js    |   12.64 |        0 |       0 |   12.64 | 16-21,26-30,35-41,50-103,113-148,160-211,221-251,261-279,289-299,309-319                                                  
  jobOffertsRoutes.js   |   12.14 |        0 |       0 |   12.14 | 13-18,23-27,36-46,56-70,80-93,103-114,140-201,211-240,266-319,329-340,350-363                                             
  settingRoutes.js      |    8.91 |        0 |       0 |    8.91 | 20-81,91-100,109-120,129-167,181-301,313-329,341-362,373-382                                                              
  statsRoutes.js        |    5.31 |        0 |       0 |    5.95 | 16-52,67-113,126-150,163-231                                                                                              
 backend/src/scrappers  |    0.75 |        0 |       0 |    0.85 |                                                                                                                           
  jobOffertsScraper.js  |    0.75 |        0 |       0 |    0.85 | 8-376                                                                                                                     
 backend/src/services   |       0 |        0 |       0 |       0 |                                                                                                                           
  employerService.js    |       0 |        0 |       0 |       0 | 4-61                                                                                                                      
  jobOffertsService.js  |       0 |        0 |       0 |       0 | 4-119                                                                                                                     
------------------------|---------|----------|---------|---------|---------------------------------------------------------------------------------------------------------------------------
Test Suites: 1 failed, 1 total
Tests:       4 failed, 1 passed, 5 total
Snapshots:   0 total
Time:        1.731 s, estimated 2 s
Ran all test suites.
