node.exe : npm warn invalid config cache=false set 
in command line options
At C:\Program Files\nodejs\npm.ps1:29 char:3
+   & $NODE_EXE $NPM_CLI_JS $args
+   ~~~~~~~~~~~~~~~~~~~~~~~~~~~~~
    + CategoryInfo          : NotSpecified: (npm w 
   arn invali...nd line options:String) [], Remot  
  eException
    + FullyQualifiedErrorId : NativeCommandError
 
npm warn invalid config Must be valid filesystem pa
th
npm warn Unknown cli config "--runInBand". This wil
l stop working in the next major version of npm.

> my-express-server@1.0.0 test
> cross-env NODE_ENV=test NODE_OPTIONS=--experimental-vm-modules jest

FAIL tests/auth.test.js
  ÔŚĆ Test suite failed to run

    ReferenceError: jest is not defined

    [0m [90m  5 |[39m
     [90m  6 |[39m [90m// Mockowanie bazy danych
[39m
    [31m[1m>[22m[39m[90m  7 |[39m jest[33m.
[39mmock([32m'../src/config/db.js'[39m[33m,[39m
 () [33m=>[39m ({
     [90m    |[39m [31m[1m^[22m[39m
     [90m  8 |[39m   connection[33m:[39m {
     [90m  9 |[39m     query[33m:[39m jest[33m
.[39mfn()[33m,[39m
     [90m 10 |[39m   }[33m,[39m[0m

      at tests/auth.test.js:7:1

----------|---------|----------|---------|---------|-------------------
File      | % Stmts | % Branch | % Funcs | % Lines | Uncovered Line #s 
----------|---------|----------|---------|---------|-------------------
All files |       0 |        0 |       0 |       0 |                   
----------|---------|----------|---------|---------|-------------------
Test Suites: 1 failed, 1 total
Tests:       0 total
Snapshots:   0 total
Time:        1.292 s
Ran all test suites.
(node:292) ExperimentalWarning: VM Modules is an ex
perimental feature and might change at any time
(Use `node --trace-warnings ...` to show where the 
warning was created)
